
 RUN  v3.2.4 C:/Users/amcintosh1/source/repos/FlowForge
      Coverage enabled with v8

 Γ£ô src/application/auth/auth-use-cases.test.ts (8 tests) 299ms
 Γ£ô src/infrastructure/auth/auth-services.test.ts (2 tests) 725ms
   Γ£ô createArgon2PasswordHasher > produces distinct hashes for the same plaintext  426ms
 Γ£ô src/application/auth/register.use-case.test.ts (9 tests) 315ms
 Γ£ô src/server.test.ts (3 tests) 457ms
   Γ£ô server > GET /health > returns 200 with status ok  413ms
 Γ£ô tests/auth/register.integration.test.ts (8 tests) 1254ms
   Γ£ô POST /auth/register > returns 201 with user profile and access token for valid input  578ms
 Γ¥» tests/me.integration.test.ts (12 tests | 1 failed) 1806ms
   Γ£ô GET /me > returns 200 with user id and email when a valid access token is provided  588ms
   Γ£ô GET /me > returns the authenticated user profile after login  405ms
   Γ£ô GET /me > maps token claims sub to id and email in the response body 211ms
   Γ£ô GET /me unauthorized > returns 401 AUTH_UNAUTHORIZED when no authorization header is present 16ms
   Γ£ô GET /me unauthorized > returns 401 when authorization uses a non-bearer scheme 14ms
   Γ£ô GET /me unauthorized > returns 401 when the bearer token is empty 16ms
   Γ£ô GET /me unauthorized > returns 401 for a malformed token 16ms
   Γ£ô GET /me unauthorized > returns 401 for an expired access token 18ms
   Γ£ô GET /me unauthorized > returns 401 when a refresh token is presented as a bearer token 247ms
   ├ù GET /me unauthorized > returns 401 when the access token signature is tampered with 237ms
     ΓåÆ expected 200 to be 401 // Object.is equality
   Γ£ô GET /me unauthorized > does not return user profile fields on unauthorized responses 17ms
   Γ£ô GET /me and auth rate limiting > remains reachable when auth routes are blocked by the early rate limiter 19ms
 Γ£ô src/server.auth-rate-limit.test.ts (3 tests) 478ms
   Γ£ô server auth rate limiting > returns 429 for /auth routes when the rate limit is exceeded  424ms
 Γ£ô src/infrastructure/auth/jwt-auth-middleware.test.ts (17 tests) 54ms
 Γ£ô src/infrastructure/auth/rate-limiter.test.ts (22 tests) 455ms
   Γ£ô registerEarlyRateLimit > returns 429 for auth routes when the shared limiter is exhausted  412ms
 Γ£ô src/infrastructure/auth/jwt-service.test.ts (7 tests) 40ms
 Γ£ô src/application/auth/token-pair.test.ts (3 tests) 16ms
 Γ£ô src/application/auth/login.use-case.test.ts (6 tests) 42ms
 Γ£ô src/domain/task/task.test.ts (24 tests) 18ms
 Γ¥» tests/task-repository.integration.test.ts (14 tests | 14 skipped) 4180ms
   Γåô createPrismaTaskRepository (integration) > save > persists a task with all fields and returns the mapped domain entity
   Γåô createPrismaTaskRepository (integration) > save > defaults status to TODO and description to null when omitted
   Γåô createPrismaTaskRepository (integration) > findById > returns null when no task exists for the id
   Γåô createPrismaTaskRepository (integration) > findById > returns the persisted task mapped to the domain entity
   Γåô createPrismaTaskRepository (integration) > findByProjectId > returns an empty array when the project has no tasks
   Γåô createPrismaTaskRepository (integration) > findByProjectId > returns only tasks belonging to the requested project
   Γåô createPrismaTaskRepository (integration) > findByProjectId > orders tasks by updatedAt descending
   Γåô createPrismaTaskRepository (integration) > update > persists title, description, status, assigneeId, and updatedAt changes
   Γåô createPrismaTaskRepository (integration) > update > clears assigneeId when updated to null
   Γåô createPrismaTaskRepository (integration) > delete > removes the task so subsequent lookups return null
   Γåô createPrismaTaskRepository (integration) > TaskStatus enum mapping > round-trips status TODO through save and findById
   Γåô createPrismaTaskRepository (integration) > TaskStatus enum mapping > round-trips status IN_PROGRESS through save and findById
   Γåô createPrismaTaskRepository (integration) > TaskStatus enum mapping > round-trips status DONE through save and findById
   Γåô createPrismaTaskRepository (integration) > TaskStatus enum mapping > persists status transitions through update for every enum value
 Γ£ô src/application/project/delete.use-case.test.ts (6 tests) 19ms
 Γ£ô src/infrastructure/task/task-repository.test.ts (18 tests) 31ms
 Γ£ô src/infrastructure/database.test.ts (1 test) 21ms
 Γ£ô src/application/project/update.use-case.test.ts (10 tests) 21ms
 Γ£ô src/application/auth/auth-dto.test.ts (13 tests) 14ms
 Γ£ô src/application/project/project-dto.test.ts (17 tests) 16ms
 Γ£ô src/application/project/get.use-case.test.ts (4 tests) 13ms
 Γ£ô src/domain/project/project.test.ts (24 tests) 17ms
 Γ£ô src/application/project/create.use-case.test.ts (5 tests) 14ms
 Γ£ô src/domain/auth/password.test.ts (14 tests) 14ms
 Γ£ô src/domain/auth/user.test.ts (18 tests) 15ms
 Γ£ô src/application/project/list.use-case.test.ts (3 tests) 30ms
 Γ£ô src/infrastructure/config.test.ts (4 tests) 14ms
 Γ£ô src/domain/auth/errors.test.ts (16 tests) 12ms
 Γ£ô src/domain/auth/auth-token-claims.test.ts (9 tests) 11ms
 Γ£ô src/domain/task/errors.test.ts (12 tests) 10ms
 Γ£ô src/domain/task/task-status.test.ts (5 tests) 8ms
 Γ£ô src/domain/project/errors.test.ts (10 tests) 9ms
 Γ£ô tests/auth.integration.test.ts (19 tests) 6853ms
   Γ£ô POST /auth/register > returns 201 with user profile and access token for valid input  570ms
   Γ£ô POST /auth/login > returns 200 with user profile and tokens for valid credentials  379ms
   Γ£ô POST /auth/login > returns the same 401 response for unknown email and wrong password  456ms
   Γ£ô auth endpoint flows > supports register ΓåÆ login with distinct access tokens  579ms
   Γ£ô auth early rate limiting > returns 429 at the early hook when the authenticated user key is exhausted  338ms
   Γ£ô auth post-body email rate limiting > returns 429 on login when the per-email limit is exhausted across different client IPs  1137ms
   Γ£ô auth post-body email rate limiting > does not block a different email when only one address is rate limited  1269ms
   Γ£ô auth post-body email rate limiting > normalizes email casing before applying the per-email rate limit key  916ms
   Γ£ô auth shared rate limiter exhaustion > returns 429 after repeated login attempts exhaust the fixed window  349ms
 Γ£ô tests/projects.integration.test.ts (29 tests) 7070ms
   Γ£ô POST /projects > returns 201 with the created project for a valid authenticated request  576ms
   Γ£ô GET /projects > returns only projects owned by the authenticated user  642ms
   Γ£ô GET /projects/:id > returns 200 with the project when the authenticated user is the owner  464ms
   Γ£ô GET /projects/:id > returns 404 PROJECT_NOT_FOUND when the project does not exist  372ms
   Γ£ô GET /projects/:id > returns 403 PROJECT_OWNERSHIP when another user requests the project  888ms
   Γ£ô PATCH /projects/:id > returns 200 with the updated project when name is changed  443ms
   Γ£ô PATCH /projects/:id > returns 200 when description is cleared with null  356ms
   Γ£ô PATCH /projects/:id > returns 400 VALIDATION_ERROR when the update body is empty  330ms

ΓÄ»ΓÄ»ΓÄ»ΓÄ»ΓÄ»ΓÄ» Failed Suites 1 ΓÄ»ΓÄ»ΓÄ»ΓÄ»ΓÄ»ΓÄ»ΓÄ»

 FAIL  tests/task-repository.integration.test.ts > createPrismaTaskRepository (integration)
PrismaClientInitializationError: Can't reach database server at `localhost:5432`

Please make sure your database server is running at `localhost:5432`.
 Γ¥» r node_modules/@prisma/client/src/runtime/core/engines/library/LibraryEngine.ts:440:17
 Γ¥» Object.connectDatabase src/infrastructure/database.ts:24:7
     22|     prisma,
     23|     async connectDatabase(): Promise<void> {
     24|       await prisma.$connect();
       |       ^
     25|     },
     26|     async disconnectDatabase(): Promise<void> {
 Γ¥» createPrismaTestContext tests/helpers/prisma-test-context.ts:33:3
 Γ¥» tests/task-repository.integration.test.ts:32:11

ΓÄ»ΓÄ»ΓÄ»ΓÄ»ΓÄ»ΓÄ»ΓÄ»ΓÄ»ΓÄ»ΓÄ»ΓÄ»ΓÄ»ΓÄ»ΓÄ»ΓÄ»ΓÄ»ΓÄ»ΓÄ»ΓÄ»ΓÄ»ΓÄ»ΓÄ»ΓÄ»ΓÄ»[1/3]ΓÄ»

 FAIL  tests/task-repository.integration.test.ts > createPrismaTaskRepository (integration)
TypeError: Cannot read properties of undefined (reading 'cleanup')
 Γ¥» tests/task-repository.integration.test.ts:36:15
     34| 
     35|   afterAll(async () => {
     36|     await ctx.cleanup();
       |               ^
     37|     await ctx.disconnect();
     38|   });

ΓÄ»ΓÄ»ΓÄ»ΓÄ»ΓÄ»ΓÄ»ΓÄ»ΓÄ»ΓÄ»ΓÄ»ΓÄ»ΓÄ»ΓÄ»ΓÄ»ΓÄ»ΓÄ»ΓÄ»ΓÄ»ΓÄ»ΓÄ»ΓÄ»ΓÄ»ΓÄ»ΓÄ»[2/3]ΓÄ»


ΓÄ»ΓÄ»ΓÄ»ΓÄ»ΓÄ»ΓÄ»ΓÄ» Failed Tests 1 ΓÄ»ΓÄ»ΓÄ»ΓÄ»ΓÄ»ΓÄ»ΓÄ»

 FAIL  tests/me.integration.test.ts > GET /me unauthorized > returns 401 when the access token signature is tampered with
AssertionError: expected 200 to be 401 // Object.is equality

- Expected
+ Received

- 401
+ 200

 Γ¥» tests/me.integration.test.ts:197:33
    195|     const response = await getMe(testApp.app, { accessToken: tamperedTΓÇª
    196| 
    197|     expect(response.statusCode).toBe(401);
       |                                 ^
    198|     expect(response.json()).toEqual(unauthorizedBody('Invalid or expirΓÇª
    199|   });

ΓÄ»ΓÄ»ΓÄ»ΓÄ»ΓÄ»ΓÄ»ΓÄ»ΓÄ»ΓÄ»ΓÄ»ΓÄ»ΓÄ»ΓÄ»ΓÄ»ΓÄ»ΓÄ»ΓÄ»ΓÄ»ΓÄ»ΓÄ»ΓÄ»ΓÄ»ΓÄ»ΓÄ»[3/3]ΓÄ»


 Test Files  2 failed | 32 passed (34)
      Tests  1 failed | 360 passed | 14 skipped (375)
   Start at  19:15:30
   Duration  9.90s (transform 1.85s, setup 271ms, collect 9.57s, tests 24.35s, environment 12ms, prepare 10.00s)

